[demos.devsnest.net/medifast/index.html]
[backblue.gif]
[fade.gif]
[index.html]
[demos.devsnest.net/medifast/img/fav/favicon-96x96.png]
[demos.devsnest.net/medifast/img/fav/android-icon-48x48.png]
[demos.devsnest.net/medifast/img/fav/android-icon-72x72.png]
[demos.devsnest.net/medifast/img/fav/apple-icon-114x114.png]
[demos.devsnest.net/medifast/css/meanmenu.css]
[demos.devsnest.net/medifast/css/bootstrap.min.css]
[demos.devsnest.net/medifast/css/flags.css]
[demos.devsnest.net/medifast/css/fontawesome.all.min.css]
[demos.devsnest.net/medifast/css/gijgo.min.css]
[demos.devsnest.net/medifast/css/aos.css]
[demos.devsnest.net/medifast/css/slick.css]
[demos.devsnest.net/medifast/css/magnific-popup.css]
[demos.devsnest.net/medifast/css/odometer-theme-default.css]
[demos.devsnest.net/medifast/css/style.css]
[demos.devsnest.net/medifast/js/vendor/modernizr.js]
[demos.devsnest.net/medifast/js/html5/respond.min.js]
[demos.devsnest.net/medifast/img/logo.png]
[demos.devsnest.net/medifast/index-2.html]
[demos.devsnest.net/medifast/index-3.html]
[demos.devsnest.net/medifast/about.html]
[demos.devsnest.net/medifast/doctor-list.html]
[demos.devsnest.net/medifast/doctor-details.html]
[demos.devsnest.net/medifast/doctor-appointment.html]
[demos.devsnest.net/medifast/doctor-table.html]
[demos.devsnest.net/medifast/services.html]
[demos.devsnest.net/medifast/service-details.html]
[demos.devsnest.net/medifast/project.html]
[demos.devsnest.net/medifast/project-details.html]
[demos.devsnest.net/medifast/pricing.html]
[demos.devsnest.net/medifast/faq.html]
[demos.devsnest.net/medifast/404.html]
[demos.devsnest.net/medifast/blog-full.html]
[demos.devsnest.net/medifast/blog-right.html]
[demos.devsnest.net/medifast/blog-left.html]
[demos.devsnest.net/medifast/blog-details.html]
[demos.devsnest.net/medifast/contact.html]
[demos.devsnest.net/medifast/img/hero-icon.png]
[demos.devsnest.net/medifast/img/hero-banner.jpg]
[demos.devsnest.net/medifast/img/icon/support.png]
[demos.devsnest.net/medifast/img/about1.jpg]
[demos.devsnest.net/medifast/img/inject-abt.png]
[demos.devsnest.net/medifast/img/icon/service1.png]
[demos.devsnest.net/medifast/img/service-img1.jpg]
[demos.devsnest.net/medifast/img/icon/service2.png]
[demos.devsnest.net/medifast/img/icon/service3.png]
[demos.devsnest.net/medifast/img/icon/service4.png]
[demos.devsnest.net/medifast/img/icon/service5.png]
[demos.devsnest.net/medifast/img/icon/service6.png]
[demos.devsnest.net/medifast/img/icon/service7.png]
[demos.devsnest.net/medifast/img/portfolio1.jpg]
[demos.devsnest.net/medifast/img/portfolio2.jpg]
[demos.devsnest.net/medifast/img/portfolio3.jpg]
[demos.devsnest.net/medifast/img/portfolio4.jpg]
[demos.devsnest.net/medifast/img/portfolio5.jpg]
[demos.devsnest.net/medifast/img/portfolio6.jpg]
[demos.devsnest.net/medifast/img/icon/choose1.png]
[demos.devsnest.net/medifast/img/icon/choose2.png]
[demos.devsnest.net/medifast/img/icon/choose3.png]
[demos.devsnest.net/medifast/img/icon/choose4.png]
[demos.devsnest.net/medifast/img/why-us-doc.png]
[demos.devsnest.net/medifast/img/icon/fact1.png]
[demos.devsnest.net/medifast/img/icon/fact2.png]
[demos.devsnest.net/medifast/img/icon/fact3.png]
[demos.devsnest.net/medifast/img/icon/fact4.png]
[demos.devsnest.net/medifast/img/doctor1.jpg]
[demos.devsnest.net/medifast/img/doctor2.jpg]
[demos.devsnest.net/medifast/img/doctor3.jpg]
[demos.devsnest.net/medifast/img/doctor4.jpg]
[demos.devsnest.net/medifast/img/doctor-shape.png]
[demos.devsnest.net/medifast/img/blog1.jpg]
[demos.devsnest.net/medifast/img/blog2.jpg]
[demos.devsnest.net/medifast/img/blog3.jpg]
[demos.devsnest.net/medifast/img/icon/map.svg]
[demos.devsnest.net/medifast/img/icon/clock.svg]
[demos.devsnest.net/medifast/img/icon/phone.svg]
[demos.devsnest.net/medifast/img/f-logo.png]
[demos.devsnest.net/medifast/js/jquery.js]
[demos.devsnest.net/medifast/js/vendor/bootstrap.bundle.js]
[demos.devsnest.net/medifast/js/vendor/jquery.meanmenu.js]
[demos.devsnest.net/medifast/js/vendor/jquery.flagstrap.min.js]
[demos.devsnest.net/medifast/js/vendor/aos.js]
[demos.devsnest.net/medifast/js/vendor/date-picker.js]
[demos.devsnest.net/medifast/js/vendor/magnific-popup.min.js]
[demos.devsnest.net/medifast/js/vendor/odometer.min.js]
[demos.devsnest.net/medifast/js/vendor/slick.min.js]
[demos.devsnest.net/medifast/js/vendor/easing.js]
[demos.devsnest.net/medifast/js/main.js]
[demos.devsnest.net/medifast/index.html]
[demos.devsnest.net/medifast/css/bootstrap.min.css]
[demos.devsnest.net/medifast/css/meanmenu.css]
[demos.devsnest.net/medifast/css/flags.png]
[demos.devsnest.net/medifast/css/flags.css]
[demos.devsnest.net/medifast/css/webfonts/fa-brands-400.woff2]
[demos.devsnest.net/medifast/css/webfonts/fa-brands-400.ttf]
[demos.devsnest.net/medifast/css/webfonts/fa-regular-400.woff2]
[demos.devsnest.net/medifast/css/webfonts/fa-regular-400.ttf]
[demos.devsnest.net/medifast/css/webfonts/fa-solid-900.woff2]
[demos.devsnest.net/medifast/css/webfonts/fa-solid-900.ttf]
[demos.devsnest.net/medifast/css/webfonts/fa-v4compatibility.woff2]
[demos.devsnest.net/medifast/css/webfonts/fa-v4compatibility.ttf]
[demos.devsnest.net/medifast/css/fontawesome.all.min.css]
[demos.devsnest.net/medifast/css/gijgo.min.css]
[demos.devsnest.net/medifast/css/aos.css]
[demos.devsnest.net/medifast/css/slick.css]
[demos.devsnest.net/medifast/css/magnific-popup.css]
[demos.devsnest.net/medifast/css/odometer-theme-default.css]
[demos.devsnest.net/medifast/img/loader_ico.gif]
[demos.devsnest.net/medifast/img/hero-shape.png]
[demos.devsnest.net/medifast/img/about-video.jpg]
[demos.devsnest.net/medifast/img/price-bg.png]
[demos.devsnest.net/medifast/img/price-head-bg.jpg]
[demos.devsnest.net/medifast/img/services-bg-shape.png]
[demos.devsnest.net/medifast/img/why-us-shape-right.png]
[demos.devsnest.net/medifast/img/why-us-shape-left.png]
[demos.devsnest.net/medifast/img/foooter-bg.jpg]
[demos.devsnest.net/medifast/img/home2/hero-bg.jpg]
[demos.devsnest.net/medifast/img/home2/about-shape.png]
[demos.devsnest.net/medifast/img/home2/services-bg.png]
[demos.devsnest.net/medifast/img/home2/appointment-bg.jpg]
[demos.devsnest.net/medifast/img/home2/testi-bg.png]
[demos.devsnest.net/medifast/img/home3/banner-bg.jpg]
[demos.devsnest.net/medifast/img/home3/features-bg.jpg]
[demos.devsnest.net/medifast/img/home3/service-bg.png]
[demos.devsnest.net/medifast/img/home3/faq-bg.png]
[demos.devsnest.net/medifast/img/home3/faq-icons.png]
[demos.devsnest.net/medifast/img/home3/schedule-bg.png]
[demos.devsnest.net/medifast/img/home3/appointment-ftr-bg.png]
[demos.devsnest.net/medifast/img/home3/video-bg.jpg]
[demos.devsnest.net/medifast/img/header-bg.jpg]
[demos.devsnest.net/medifast/img/contact-form-bg.png]
[demos.devsnest.net/medifast/css/style.css]
[demos.devsnest.net/medifast/img/logo2.png]
[demos.devsnest.net/medifast/img/home2/hero-img.png]
[demos.devsnest.net/medifast/img/home2/about-img.png]
[demos.devsnest.net/medifast/img/icon/rocket.png]
[demos.devsnest.net/medifast/img/icon/doctor.png]
[demos.devsnest.net/medifast/img/home2/services1.jpg]
[demos.devsnest.net/medifast/img/icon/eye.png]
[demos.devsnest.net/medifast/img/home2/services2.jpg]
[demos.devsnest.net/medifast/img/icon/research.png]
[demos.devsnest.net/medifast/img/home2/services3.jpg]
[demos.devsnest.net/medifast/img/icon/monitoring.png]
[demos.devsnest.net/medifast/img/home2/services4.jpg]
[demos.devsnest.net/medifast/img/icon/therapy.png]
[demos.devsnest.net/medifast/img/home2/services5.jpg]
[demos.devsnest.net/medifast/img/icon/surgery.png]
[demos.devsnest.net/medifast/img/home2/services6.jpg]
[demos.devsnest.net/medifast/img/home2/appointment-doc.png]
[demos.devsnest.net/medifast/img/home2/steps1.png]
[demos.devsnest.net/medifast/img/home2/steps2.png]
[demos.devsnest.net/medifast/img/home2/steps3.png]
[demos.devsnest.net/medifast/img/home2/steps4.png]
[demos.devsnest.net/medifast/img/home2/process-shape1.png]
[demos.devsnest.net/medifast/img/home2/process-shape2.png]
[demos.devsnest.net/medifast/img/home2/client1.png]
[demos.devsnest.net/medifast/img/home2/client2.png]
[demos.devsnest.net/medifast/index-2.html]
[demos.devsnest.net/medifast/img/icon/service_tb1.png]
[demos.devsnest.net/medifast/img/icon/service_tb2.png]
[demos.devsnest.net/medifast/img/icon/service_tb3.png]
[demos.devsnest.net/medifast/img/icon/service_tb4.png]
[demos.devsnest.net/medifast/img/icon/service_tb5.png]
[demos.devsnest.net/medifast/img/home3/service-img.jpg]
[demos.devsnest.net/medifast/img/home3/who1.jpg]
[demos.devsnest.net/medifast/img/home3/who2.jpg]
[demos.devsnest.net/medifast/img/home3/who3.jpg]
[demos.devsnest.net/medifast/img/home3/faq-img.png]
[demos.devsnest.net/medifast/img/home3/appointment-doc.jpg]
[demos.devsnest.net/medifast/img/home3/schedule-shape-1.png]
[demos.devsnest.net/medifast/img/home3/schedule-shape-2.png]
[demos.devsnest.net/medifast/img/home3/doc1.png]
[demos.devsnest.net/medifast/img/home3/doc2.png]
[demos.devsnest.net/medifast/img/home3/doc3.png]
[demos.devsnest.net/medifast/img/home3/doc4.png]
[demos.devsnest.net/medifast/index-3.html]
[demos.devsnest.net/medifast/about.html]
[demos.devsnest.net/medifast/doctor-list.html]
[demos.devsnest.net/medifast/img/icon/support-white.png]
[demos.devsnest.net/medifast/doctor-details.html]
[demos.devsnest.net/medifast/img/appoint-emr.jpg]
[demos.devsnest.net/medifast/doctor-appointment.html]
[demos.devsnest.net/medifast/doctor-table.html]
[demos.devsnest.net/medifast/img/icon/service-ft1.png]
[demos.devsnest.net/medifast/img/icon/service-ft2.png]
[demos.devsnest.net/medifast/img/icon/service-ft3.png]
[demos.devsnest.net/medifast/img/service-ftr.png]
[demos.devsnest.net/medifast/services.html]
[demos.devsnest.net/medifast/img/service-dt1.jpg]
[demos.devsnest.net/medifast/img/icon/treatment.png]
[demos.devsnest.net/medifast/img/icon/infection.png]
[demos.devsnest.net/medifast/img/icon/calendar.png]
[demos.devsnest.net/medifast/img/service-dt2.jpg]
[demos.devsnest.net/medifast/img/service-dt3.jpg]
[demos.devsnest.net/medifast/service-details.html]
[demos.devsnest.net/medifast/img/portfolio7.jpg]
[demos.devsnest.net/medifast/img/portfolio8.jpg]
[demos.devsnest.net/medifast/project.html]
[demos.devsnest.net/medifast/img/project-details.jpg]
[demos.devsnest.net/medifast/img/pr-details1.jpg]
[demos.devsnest.net/medifast/img/pr-details2.jpg]
[demos.devsnest.net/medifast/project-details.html]
[demos.devsnest.net/medifast/img/partner1.png]
[demos.devsnest.net/medifast/img/partner2.png]
[demos.devsnest.net/medifast/img/partner3.png]
[demos.devsnest.net/medifast/img/partner4.png]
[demos.devsnest.net/medifast/img/partner5.png]
[demos.devsnest.net/medifast/img/partner6.png]
[demos.devsnest.net/medifast/pricing.html]
[demos.devsnest.net/medifast/img/faq-ask.jpg]
[demos.devsnest.net/medifast/faq.html]
[demos.devsnest.net/medifast/img/404.png]
[demos.devsnest.net/medifast/404.html]
[demos.devsnest.net/medifast/img/blog-big1.jpg]
[demos.devsnest.net/medifast/img/blog-big2.jpg]
[demos.devsnest.net/medifast/img/blog-big3.jpg]
[demos.devsnest.net/medifast/img/blog-big4.jpg]
[demos.devsnest.net/medifast/img/blog-big5.jpg]
[demos.devsnest.net/medifast/img/user.jpg]
[demos.devsnest.net/medifast/blog-full.html]
[demos.devsnest.net/medifast/blog-right.html]
[demos.devsnest.net/medifast/blog-left.html]
[demos.devsnest.net/medifast/img/blog-details1.jpg]
[demos.devsnest.net/medifast/img/blog-details2.jpg]
[demos.devsnest.net/medifast/img/user-ad1.jpg]
[demos.devsnest.net/medifast/img/user-ad2.jpg]
[demos.devsnest.net/medifast/img/user-ad3.jpg]
[demos.devsnest.net/medifast/blog-details.html]
[demos.devsnest.net/medifast/img/contact-img.png]
[demos.devsnest.net/medifast/contact.html]
[demos.devsnest.net/medifast/img/icon/map.svg]
[demos.devsnest.net/medifast/img/icon/clock.svg]
[demos.devsnest.net/medifast/img/icon/phone.svg]
[demos.devsnest.net/medifast/fonts/gijgo-materialba15.html]
[demos.devsnest.net/medifast/fonts/gijgo-materialba15-2.html]
[demos.devsnest.net/medifast/fonts/gijgo-materialba15-3.html]
[demos.devsnest.net/medifast/fonts/gijgo-materialba15-4.html]
